// Jest Snapshot v1, https://goo.gl/fbAQLP

exports[`Asteroid Component should render without throwing an error 1`] = `
<div
  className="MuiBox-root MuiBox-root-8"
>
  <div
    className="MuiBox-root MuiBox-root-9 makeStyles-searchContainer-1"
  >
    <div
      className="MuiFormControl-root MuiTextField-root MuiFormControl-fullWidth"
    >
      <label
        className="MuiFormLabel-root MuiInputLabel-root MuiInputLabel-formControl MuiInputLabel-animated MuiInputLabel-shrink MuiInputLabel-outlined MuiFormLabel-filled"
        data-shrink={true}
        htmlFor="outlined-basic"
        id="outlined-basic-label"
      >
        Enter Asteroid Id
      </label>
      <div
        className="MuiInputBase-root MuiOutlinedInput-root MuiInputBase-fullWidth MuiInputBase-formControl"
        onClick={[Function]}
      >
        <input
          aria-invalid={false}
          autoFocus={false}
          className="MuiInputBase-input MuiOutlinedInput-input"
          disabled={false}
          id="outlined-basic"
          onAnimationStart={[Function]}
          onBlur={[Function]}
          onChange={[Function]}
          onFocus={[Function]}
          required={false}
          type="text"
          value="3542519"
        />
        <fieldset
          aria-hidden={true}
          className="PrivateNotchedOutline-root-68 MuiOutlinedInput-notchedOutline"
        >
          <legend
            className="PrivateNotchedOutline-legendLabelled-70 PrivateNotchedOutline-legendNotched-71"
          >
            <span>
              Enter Asteroid Id
            </span>
          </legend>
        </fieldset>
      </div>
    </div>
    <div
      className="MuiBox-root MuiBox-root-72 makeStyles-buttonContainer-2"
    >
      <button
        className="MuiButtonBase-root MuiButton-root MuiButton-contained MuiButton-containedSecondary"
        disabled={false}
        onBlur={[Function]}
        onClick={[Function]}
        onDragLeave={[Function]}
        onFocus={[Function]}
        onKeyDown={[Function]}
        onKeyUp={[Function]}
        onMouseDown={[Function]}
        onMouseLeave={[Function]}
        onMouseUp={[Function]}
        onTouchEnd={[Function]}
        onTouchMove={[Function]}
        onTouchStart={[Function]}
        tabIndex={0}
        type="button"
      >
        <span
          className="MuiButton-label"
        >
          Search
        </span>
      </button>
      <button
        className="MuiButtonBase-root MuiButton-root MuiButton-contained MuiButton-containedPrimary"
        disabled={false}
        onBlur={[Function]}
        onClick={[Function]}
        onDragLeave={[Function]}
        onFocus={[Function]}
        onKeyDown={[Function]}
        onKeyUp={[Function]}
        onMouseDown={[Function]}
        onMouseLeave={[Function]}
        onMouseUp={[Function]}
        onTouchEnd={[Function]}
        onTouchMove={[Function]}
        onTouchStart={[Function]}
        tabIndex={0}
        type="button"
      >
        <span
          className="MuiButton-label"
        >
          Random
        </span>
      </button>
    </div>
  </div>
  <div
    className="MuiBox-root MuiBox-root-105 makeStyles-detailsWrapper-4"
  >
    <div
      className="MuiBox-root MuiBox-root-106"
    >
      No Data Found. Please search again
    </div>
  </div>
</div>
`;
